// Jest Snapshot v1, https://goo.gl/fbAQLP

exports[`<BookSearch/> 1`] = `
<div>
  <div
    class="book-search"
    data-testid="book-search"
  >
    <div
      class="form-wrapper"
    >
      <form
        class="sb-search-form"
      >
        <label
          for="text"
        >
          <input
            class="search-input"
            data-testid="search-input"
            name="searchTerm"
            placeholder="Search a book title"
            type="text"
            value=""
          />
        </label>
        <button
          class="btn btn-primary"
          data-testid="submit-btn"
          id="submit-btn"
          type="submit"
        >
          Search
        </button>
        <div
          class="error"
          data-testid="input-error"
        />
      </form>
    </div>
  </div>
</div>
`;
